// Jest Snapshot v1, https://goo.gl/fbAQLP

exports[`Renders Entry Component correctly 1`] = `
<div
  className="timesheet-entry-wrapper"
>
  <p
    className="timesheet-entry__employer"
  >
    Port of Rotterdam
  </p>
  <button
    className="timesheet-entry__delete-button"
    onClick={[Function]}
    type="submit"
  >
    <svg
      className="timesheet-entry__delete-icon"
    />
    Delete
  </button>
  <p
    className="timesheet-entry__time"
  >
    7:00 PM
           -
           7:30 PM
  </p>
</div>
`;
