// Jest Snapshot v1, https://goo.gl/fbAQLP

exports[`TimesheetInput should render without crashing 1`] = `
<div
  className="timesheet-input__wrapper"
>
  <button
    className="
            timesheet-input__new-button
            timesheet-input__new-button--visible
          "
    onClick={[Function]}
    type="button"
  >
    <img
      alt="plus sign"
      className="timesheet-field__plus-svg"
      src="/static/icons/plus.svg"
    />
     
    New time entry
  </button>
  <button
    className="
            timesheet-input__close-button
            timesheet-input__close-button--invisible
          "
    onClick={[Function]}
    type="button"
  />
  <form
    onSubmit={[Function]}
  >
    <div
      className="
            timesheet-input__form
            timesheet-input__form--closed
            "
    >
      <div
        className="timesheet-input__field-item timesheet-input__field-item--employer"
      >
        <label
          className="timesheet-input__label"
          htmlFor="employer"
          id="employer"
        >
          EMPLOYER
          <select
            className="timesheet-input__select"
            id="employer"
            name="employer"
            onChange={[Function]}
            required={true}
            type="text"
            value="Port of Rotterdam"
          >
            <option>
              Port of Rotterdam
            </option>
            <option>
              Hike One
            </option>
          </select>
        </label>
      </div>
      <div
        className="timesheet-input__field-item timesheet-input__field-item--full"
      >
        <label
          className="timesheet-input__label"
          htmlFor="activity"
          id="activity"
        >
          ACTIVITY
          <select
            className="timesheet-input__select"
            id="activity"
            name="activity"
            onChange={[Function]}
            readOnly={true}
            required={true}
            type="text"
            value="Design"
          >
            <option>
              Design
            </option>
            <option>
              Meeting
            </option>
          </select>
        </label>
      </div>
      <div
        className="timesheet-input__field-item timesheet-input__field-item--date"
      >
        <label
          className="timesheet-input__label"
          htmlFor="date"
          id="date"
        >
          DATE
          <input
            className="
                    timesheet-input__select
                    timesheet-input__select--valid
                  "
            id="date"
            name="date"
            onBlur={[Function]}
            onChange={[Function]}
            pattern="(0[1-9]|[12][0-9]|3[01])[-](0[1-9]|1[012])[-]\\\\d{4}"
            required={true}
            type="text"
            value=""
          />
        </label>
      </div>
      <div
        className="timesheet-input__time-wrapper"
      >
        <div
          className="timesheet-input__field-item timesheet-input__field-item--from"
        >
          <label
            className="timesheet-input__label"
            htmlFor="from"
          >
            FROM
            <input
              className="
                      timesheet-input__select
                      timesheet-input__select--valid
                    "
              id="from"
              name="startTime"
              onBlur={[Function]}
              onChange={[Function]}
              pattern="([01]?[0-9]|2[0-3]).[0-5][0-9]"
              required={true}
              type="text"
              value=""
            />
          </label>
        </div>
        <div
          className="timesheet-input__field-item timesheet-input__field-item--to"
        >
          <label
            className="timesheet-input__label"
            htmlFor="to"
          >
            TO
            <input
              className="
                      timesheet-input__select
                      timesheet-input__select--valid
                    "
              id="to"
              name="endTime"
              onBlur={[Function]}
              onChange={[Function]}
              pattern="([01]?[0-9]|2[0-3]).[0-5][0-9]"
              required={true}
              type="text"
              value=""
            />
          </label>
        </div>
      </div>
      <button
        className="
                timesheet-input__add-button
                timesheet-input__add-button
              "
        disabled={true}
        readOnly={true}
        type="submit"
      >
        Add
      </button>
    </div>
  </form>
</div>
`;
